   Compiling proc-macro2 v1.0.107
   Compiling unicode-ident v1.0.24
   Compiling quote v1.0.47
    Checking windows-link v0.2.1
   Compiling getrandom v0.4.3
   Compiling cfg-if v1.0.4
   Compiling shlex v2.0.1
   Compiling find-msvc-tools v0.1.11
    Checking itoa v1.0.18
    Checking once_cell v1.21.4
    Checking smallvec v1.16.0
    Checking pin-project-lite v0.2.17
    Checking equivalent v1.0.2
    Checking foldhash v0.2.0
    Checking allocator-api2 v0.2.21
    Checking bytes v1.12.1
    Checking stable_deref_trait v1.2.1
    Checking futures-core v0.3.34
    Checking log v0.4.34
   Compiling serde_core v1.0.229
   Compiling version_check v0.9.5
   Compiling fs_extra v1.3.0
   Compiling dunce v1.0.5
    Checking windows-sys v0.61.2
   Compiling serde v1.0.229
    Checking bitflags v2.13.1
    Checking slab v0.4.12
   Compiling pkg-config v0.3.34
    Checking percent-encoding v2.3.2
    Checking litemap v0.8.3
    Checking writeable v0.6.4
   Compiling heck v0.5.0
    Checking tracing-core v0.1.36
   Compiling aws-lc-rs v1.18.1
   Compiling thiserror v2.0.20
   Compiling rustversion v1.0.23
    Checking memchr v2.8.3
    Checking futures-task v0.3.34
   Compiling strsim v0.11.1
   Compiling ident_case v1.0.1
    Checking futures-sink v0.3.34
   Compiling icu_normalizer_data v2.3.0
    Checking hashbrown v0.17.1
    Checking unicode-width v0.2.2
    Checking zeroize v1.9.0
   Compiling uncased v0.9.10
   Compiling icu_properties_data v2.3.0
    Checking utf8_iter v1.0.4
    Checking tower-service v0.3.3
   Compiling libc v0.2.189
    Checking ryu v1.0.23
    Checking http v1.5.0
    Checking futures-util v0.3.34
   Compiling httparse v1.10.1
   Compiling parking_lot_core v0.9.12
    Checking either v1.18.0
   Compiling siphasher v1.0.3
   Compiling zmij v1.0.23
    Checking rustls-pki-types v1.15.1
    Checking hashbrown v0.16.1
   Compiling instability v0.3.13
    Checking fnv v1.0.7
    Checking indexmap v2.14.1
    Checking httpdate v1.0.3
    Checking unicode-segmentation v1.13.3
    Checking http-body v1.1.0
   Compiling crc32fast v1.5.1
    Checking itertools v0.14.0
   Compiling winapi v0.3.9
    Checking try-lock v0.2.5
   Compiling jobserver v0.1.35
   Compiling rustls v0.23.43
   Compiling autocfg v1.5.1
    Checking scopeguard v1.2.0
   Compiling fastrand v2.5.0
    Checking atomic-waker v1.1.2
    Checking tower-layer v0.3.3
   Compiling serde_json v1.0.151
    Checking static_assertions v1.1.0
   Compiling phf_shared v0.12.1
    Checking untrusted v0.9.0
    Checking alloc-no-stdlib v2.0.4
    Checking want v0.3.1
    Checking castaway v0.2.4
    Checking lock_api v0.4.14
   Compiling cc v1.4.4
    Checking lru v0.18.4
    Checking alloc-stdlib v0.2.4
    Checking form_urlencoded v1.2.2
    Checking futures-channel v0.3.34
   Compiling syn v3.0.4
   Compiling syn v2.0.119
   Compiling phf_generator v0.12.1
    Checking compact_str v0.9.1
    Checking sync_wrapper v1.0.2
   Compiling crossbeam-utils v0.8.22
   Compiling indoc v2.0.7
    Checking num-conv v0.2.2
    Checking critical-section v1.2.0
   Compiling num-traits v0.2.19
   Compiling convert_case v0.10.0
    Checking simd-adler32 v0.3.10
    Checking adler2 v2.0.1
    Checking typenum v1.20.1
    Checking powerfmt v0.2.0
    Checking time-core v0.1.9
    Checking subtle v2.6.1
    Checking deranged v0.5.8
   Compiling phf_codegen v0.12.1
    Checking brotli-decompressor v5.0.3
    Checking http-body-util v0.1.5
    Checking anstyle v1.0.14
    Checking base64 v0.22.1
    Checking miniz_oxide v0.9.1
    Checking regex-syntax v0.8.11
    Checking ipnet v2.12.1
   Compiling litrs v1.0.0
   Compiling unicase v2.9.0
    Checking once_cell_polyfill v1.70.2
    Checking mime v0.3.17
    Checking unicode-truncate v2.0.1
   Compiling parse-zoneinfo v0.4.1
   Compiling vcpkg v0.2.15
    Checking utf8parse v0.2.2
    Checking parking_lot v0.12.5
   Compiling cmake v0.1.58
    Checking line-clipping v0.3.8
   Compiling zstd-safe v7.2.4
   Compiling mime_guess v2.0.5
    Checking anstyle-parse v1.0.0
    Checking colorchoice v1.0.5
    Checking flate2 v1.1.10
    Checking lazy_static v1.5.0
    Checking compression-core v0.4.33
    Checking is_terminal_polyfill v1.70.2
   Compiling chrono-tz-build v0.5.0
   Compiling portable-atomic v1.15.0
    Checking sharded-slab v0.1.7
   Compiling document-features v0.2.12
    Checking brotli v8.0.4
    Checking tracing-log v0.2.0
    Checking hybrid-array v0.4.14
    Checking thread_local v1.1.10
    Checking windows-strings v0.5.1
    Checking windows-result v0.4.1
    Checking time v0.3.55
    Checking winnow v1.0.4
    Checking const-oid v0.10.2
    Checking regex-automata v0.4.18
    Checking encode_unicode v1.0.0
    Checking clap_lex v1.1.0
   Compiling anyhow v1.0.104
    Checking option-ext v0.2.0
    Checking phf v0.12.1
    Checking crossbeam-channel v0.5.16
    Checking serde_path_to_error v0.1.20
    Checking hashlink v0.12.1
    Checking toml_writer v1.1.2+spec-1.1.0
   Compiling aws-lc-sys v0.45.0
   Compiling zstd-sys v2.0.16+zstd.1.5.7
   Compiling libsqlite3-sys v0.38.2
   Compiling chrono-tz v0.10.4
    Checking http-range-header v0.4.2
    Checking block-buffer v0.12.1
    Checking crypto-common v0.2.2
    Checking symlink v0.1.0
    Checking matchit v0.8.4
    Checking unit-prefix v0.5.2
    Checking fallible-iterator v0.3.0
    Checking fallible-streaming-iterator v0.1.9
    Checking cpufeatures v0.3.1
    Checking toml_datetime v1.1.1+spec-1.1.0
    Checking hashbrown v0.14.5
    Checking base64 v0.23.1
    Checking crossterm_winapi v0.9.1
    Checking mio v1.2.3
    Checking socket2 v0.6.5
    Checking anstyle-wincon v3.0.11
    Checking anstyle-query v1.1.5
    Checking winapi-util v0.1.11
    Checking nu-ansi-term v0.50.3
    Checking dirs-sys v0.5.0
    Checking console v0.16.4
    Checking fs4 v1.1.0
    Checking digest v0.11.3
    Checking toml_parser v1.1.3+spec-1.1.0
    Checking dashmap v6.2.1
   Compiling darling_core v0.24.1
    Checking matchers v0.2.0
    Checking tempfile v3.27.0
    Checking dirs v6.0.0
    Checking anstream v1.0.0
    Checking same-file v1.0.6
    Checking sha2 v0.11.0
    Checking indicatif v0.18.6
    Checking toml_edit v0.25.13+spec-1.1.0
   Compiling synstructure v0.13.2
   Compiling zerovec-derive v0.11.6
   Compiling tokio-macros v2.7.2
   Compiling displaydoc v0.2.7
   Compiling serde_derive v1.0.229
   Compiling thiserror-impl v2.0.20
   Compiling clap_derive v4.6.4
    Checking compression-codecs v0.4.39
    Checking walkdir v2.5.0
    Checking clap_builder v4.6.6
   Compiling tracing-attributes v0.1.31
   Compiling strum_macros v0.28.0
   Compiling derive_more-impl v2.1.1
   Compiling windows-implement v0.60.2
   Compiling windows-interface v0.59.3
   Compiling zerofrom-derive v0.1.7
   Compiling yoke-derive v0.8.2
    Checking tokio v1.53.1
    Checking derive_more v2.1.1
    Checking windows-core v0.62.2
    Checking tracing v0.1.44
    Checking zerofrom v0.1.8
    Checking clap v4.6.6
   Compiling darling_macro v0.24.1
    Checking kasuari v0.4.12
    Checking strum v0.28.0
    Checking crossterm v0.29.0
    Checking yoke v0.8.3
    Checking axum-core v0.5.6
   Compiling darling v0.24.1
    Checking tokio-util v0.7.19
    Checking tower v0.5.3
    Checking async-compression v0.4.44
    Checking zerovec v0.11.8
    Checking zerotrie v0.2.5
    Checking zstd v0.13.3
    Checking ratatui-core v0.1.2
    Checking h2 v0.4.19
    Checking tower-http v0.7.1
    Checking iana-time-zone v0.1.65
    Checking ratatui-widgets v0.3.2
    Checking ratatui-crossterm v0.1.2
    Checking tracing-serde v0.2.0
    Checking tinystr v0.8.4
    Checking potential_utf v0.1.6
    Checking chrono v0.4.45
    Checking tracing-subscriber v0.3.23
    Checking icu_locale_core v2.3.0
    Checking icu_collections v2.3.0
    Checking serde_urlencoded v0.7.1
    Checking ratatui-macros v0.7.2
    Checking ratatui v0.30.2
    Checking icu_provider v2.3.1
    Checking rusqlite v0.40.2
    Checking icu_normalizer v2.3.0
    Checking icu_properties v2.3.0
    Checking tracing-appender v0.2.5
    Checking hyper v1.11.1
    Checking idna_adapter v1.2.2
    Checking idna v1.1.0
    Checking url v2.5.8
    Checking tower-http v0.6.11
    Checking hyper-util v0.1.20
    Checking axum v0.8.9
    Checking rustls-webpki v0.103.15
    Checking tokio-rustls v0.26.4
    Checking rustls-platform-verifier v0.7.0
    Checking hyper-rustls v0.27.9
    Checking reqwest v0.13.4
    Checking llmusage v1.3.0 (D:\Documents\Code\CLI\llmusage)
    Finished `dev` profile [unoptimized + debuginfo] target(s) in 1m 06s
