   Compiling llmusage v1.4.0 (D:\Documents\Code\CLI\llmusage)
warning: linker stdout: 正在创建库 D:\Documents\Code\CLI\llmusage\target\debug\deps\llmusage.lib 和对象 D:\Documents\Code\CLI\llmusage\target\debug\deps\llmusage.exp
  |
  = note: `#[warn(linker_messages)]` on by default

warning: `llmusage` (bin "llmusage") generated 1 warning
warning: linker stdout: 正在创建库 D:\Documents\Code\CLI\llmusage\target\debug\deps\sync-c7acfcc23bc77bb7.lib 和对象 D:\Documents\Code\CLI\llmusage\target\debug\deps\sync-c7acfcc23bc77bb7.exp
  |
  = note: `#[warn(linker_messages)]` on by default

warning: `llmusage` (test "sync") generated 1 warning
    Finished `test` profile [unoptimized + debuginfo] target(s) in 6.16s
     Running tests\sync\main.rs (target\debug\deps\sync-c7acfcc23bc77bb7.exe)

running 1 test
test sources::antigravity::antigravity_record_faults_and_source_failures_preserve_history ... FAILED

failures:

---- sources::antigravity::antigravity_record_faults_and_source_failures_preserve_history stdout ----

thread 'sources::antigravity::antigravity_record_faults_and_source_failures_preserve_history' (61124) panicked at tests\sync\sources\antigravity.rs:156:13:
assertion `left == right` failed: changed_product_wire: ParseIssues { malformed_lines: 1, oversized_lines: 0, skipped_lines: 0, accounting_anomaly_lines: 0, samples: [ParseIssueSample { source: Antigravity, path_hash: "88692dbbd87a39af0543b1461c1b57bfc372ba4c940a1a011161bb4b8ce3522a", offset: 0, kind: Malformed, reason: "invalid_generation_metadata" }] }
  left: 1
 right: 0
note: run with `RUST_BACKTRACE=1` environment variable to display a backtrace


failures:
    sources::antigravity::antigravity_record_faults_and_source_failures_preserve_history

test result: FAILED. 0 passed; 1 failed; 0 ignored; 0 measured; 142 filtered out; finished in 3.38s

error: test failed, to rerun pass `--test sync`
